// Jest Snapshot v1, https://goo.gl/fbAQLP

exports[`MediaLink displays media button 1`] = `
<div
  aria-disabled={false}
  className="MuiButtonBase-root MuiListItem-root MuiListItem-default MuiListItem-gutters MuiListItem-button"
  onBlur={[Function]}
  onClick={[Function]}
  onContextMenu={[Function]}
  onFocus={[Function]}
  onKeyDown={[Function]}
  onKeyUp={[Function]}
  onMouseDown={[Function]}
  onMouseLeave={[Function]}
  onMouseUp={[Function]}
  onTouchEnd={[Function]}
  onTouchMove={[Function]}
  onTouchStart={[Function]}
  role="button"
  tabIndex="0"
>
  <div
    className="MuiListItemText-root"
  >
    <span
      className="MuiTypography-root MuiTypography-body1 MuiListItemText-primary"
    >
      some media
    </span>
  </div>
  <span
    className="MuiTouchRipple-root"
  />
</div>
`;
