// Jest Snapshot v1, https://goo.gl/fbAQLP

exports[`EpisodeList displays list of episodes 1`] = `
<ul
  className="MuiList-root-1 MuiList-padding-2"
/>
`;

exports[`EpisodeList displays list of episodes 2`] = `
<ul
  className="MuiList-root-1 MuiList-padding-2"
>
  <div
    className="MuiButtonBase-root-17 MuiListItem-root-5 MuiListItem-default-8 MuiListItem-gutters-13 MuiListItem-button-14"
    onBlur={[Function]}
    onClick={[Function]}
    onFocus={[Function]}
    onKeyDown={[Function]}
    onKeyUp={[Function]}
    onMouseDown={[Function]}
    onMouseLeave={[Function]}
    onMouseUp={[Function]}
    onTouchEnd={[Function]}
    onTouchMove={[Function]}
    onTouchStart={[Function]}
    role="button"
    tabIndex="0"
  >
    <div
      className="MuiListItemText-root-20"
    >
      <span
        className="MuiTypography-root-26 MuiTypography-subheading-33 MuiListItemText-primary-23"
      >
        Episode 1
      </span>
    </div>
    <span
      className="MuiTouchRipple-root-61"
    />
  </div>
  <div
    className="MuiButtonBase-root-17 MuiListItem-root-5 MuiListItem-default-8 MuiListItem-gutters-13 MuiListItem-button-14"
    onBlur={[Function]}
    onClick={[Function]}
    onFocus={[Function]}
    onKeyDown={[Function]}
    onKeyUp={[Function]}
    onMouseDown={[Function]}
    onMouseLeave={[Function]}
    onMouseUp={[Function]}
    onTouchEnd={[Function]}
    onTouchMove={[Function]}
    onTouchStart={[Function]}
    role="button"
    tabIndex="0"
  >
    <div
      className="MuiListItemText-root-20"
    >
      <span
        className="MuiTypography-root-26 MuiTypography-subheading-33 MuiListItemText-primary-23"
      >
        Episode 2
      </span>
    </div>
    <span
      className="MuiTouchRipple-root-61"
    />
  </div>
</ul>
`;
