// Jest Snapshot v1, https://goo.gl/fbAQLP

exports[`MediaLink displays media button 1`] = `
<div
  className="MuiButtonBase-root-13 MuiListItem-root-1 MuiListItem-default-4 MuiListItem-gutters-9 MuiListItem-button-10"
  onBlur={[Function]}
  onClick={[Function]}
  onFocus={[Function]}
  onKeyDown={[Function]}
  onKeyUp={[Function]}
  onMouseDown={[Function]}
  onMouseLeave={[Function]}
  onMouseUp={[Function]}
  onTouchEnd={[Function]}
  onTouchMove={[Function]}
  onTouchStart={[Function]}
  role="button"
  tabIndex="0"
>
  <div
    className="MuiListItemText-root-16"
  >
    <span
      className="MuiTypography-root-22 MuiTypography-subheading-29 MuiListItemText-primary-19"
    >
      some media
    </span>
  </div>
  <span
    className="MuiTouchRipple-root-57"
  />
</div>
`;
